Component: ARM Compiler 5.06 update 6 (build 750) Tool: armlink [4d35ed]

==============================================================================

Section Cross References

    startup_stm32f767xx.o(RESET) refers to startup_stm32f767xx.o(STACK) for __initial_sp
    startup_stm32f767xx.o(RESET) refers to startup_stm32f767xx.o(.text) for Reset_Handler
    startup_stm32f767xx.o(RESET) refers to usmart.o(i.TIM4_IRQHandler) for TIM4_IRQHandler
    startup_stm32f767xx.o(RESET) refers to usart.o(i.USART1_IRQHandler) for USART1_IRQHandler
    startup_stm32f767xx.o(RESET) refers to driver.o(i.TIM8_UP_TIM13_IRQHandler) for TIM8_UP_TIM13_IRQHandler
    startup_stm32f767xx.o(.text) refers to entry.o(.ARM.Collect$$$$00000000) for __main
    test.o(i.main) refers to sys.o(i.Stm32_Clock_Init) for Stm32_Clock_Init
    test.o(i.main) refers to delay.o(i.delay_init) for delay_init
    test.o(i.main) refers to usart.o(i.uart_init) for uart_init
    test.o(i.main) refers to led.o(i.LED_Init) for LED_Init
    test.o(i.main) refers to key.o(i.KEY_Init) for KEY_Init
    test.o(i.main) refers to driver.o(i.Driver_Init) for Driver_Init
    test.o(i.main) refers to driver.o(i.TIM8_OPM_RCR_Init) for TIM8_OPM_RCR_Init
    test.o(i.main) refers to printf8.o(i.__0printf$8) for __2printf
    test.o(i.main) refers to key.o(i.KEY_Scan) for KEY_Scan
    test.o(i.main) refers to driver.o(i.Locate_Abs) for Locate_Abs
    test.o(i.main) refers to driver.o(i.Locate_Rle) for Locate_Rle
    test.o(i.main) refers to sys.o(i.GPIO_Read) for GPIO_Read
    test.o(i.main) refers to delay.o(i.delay_ms) for delay_ms
    test.o(i.main) refers to sys.o(i.GPIO_Pin_Set) for GPIO_Pin_Set
    test.o(i.main) refers to usmart_config.o(.data) for usmart_dev
    delay.o(i.delay_init) refers to delay.o(.data) for fac_us
    delay.o(i.delay_ms) refers to delay.o(i.delay_xms) for delay_xms
    delay.o(i.delay_us) refers to delay.o(.data) for fac_us
    delay.o(i.delay_xms) refers to delay.o(.data) for fac_ms
    sys.o(i.Cache_Enable) refers to sys.o(i.SCB_EnableDCache) for SCB_EnableDCache
    sys.o(i.MY_NVIC_Init) refers to sys.o(i.MY_NVIC_PriorityGroupConfig) for MY_NVIC_PriorityGroupConfig
    sys.o(i.Stm32_Clock_Init) refers to sys.o(i.Cache_Enable) for Cache_Enable
    sys.o(i.Stm32_Clock_Init) refers to sys.o(i.Sys_Clock_Set) for Sys_Clock_Set
    sys.o(i.Stm32_Clock_Init) refers to sys.o(i.MY_NVIC_SetVectorTable) for MY_NVIC_SetVectorTable
    sys.o(i.Sys_Standby) refers to sys.o(i.WFI_SET) for WFI_SET
    usart.o(i.USART1_IRQHandler) refers to usart.o(.data) for USART_RX_STA
    usart.o(i.USART1_IRQHandler) refers to usart.o(.bss) for USART_RX_BUF
    usart.o(i.uart_init) refers to sys.o(i.GPIO_Set) for GPIO_Set
    usart.o(i.uart_init) refers to sys.o(i.GPIO_AF_Set) for GPIO_AF_Set
    usart.o(i.uart_init) refers to sys.o(i.MY_NVIC_Init) for MY_NVIC_Init
    led.o(i.LED_Init) refers to sys.o(i.GPIO_Set) for GPIO_Set
    led.o(i.LED_Init) refers to sys.o(i.GPIO_Pin_Set) for GPIO_Pin_Set
    key.o(i.KEY_Init) refers to sys.o(i.GPIO_Set) for GPIO_Set
    key.o(i.KEY_Scan) refers to sys.o(i.GPIO_Pin_Get) for GPIO_Pin_Get
    key.o(i.KEY_Scan) refers to delay.o(i.delay_ms) for delay_ms
    key.o(i.KEY_Scan) refers to key.o(.data) for key_up
    driver.o(i.Driver_Init) refers to sys.o(i.GPIO_Set) for GPIO_Set
    driver.o(i.Driver_Init) refers to sys.o(i.GPIO_Pin_Set) for GPIO_Pin_Set
    driver.o(i.Locate_Abs) refers to printf8.o(i.__0printf$8) for __2printf
    driver.o(i.Locate_Abs) refers to sys.o(i.GPIO_Pin_Set) for GPIO_Pin_Set
    driver.o(i.Locate_Abs) refers to driver.o(i.TIM8_Startup) for TIM8_Startup
    driver.o(i.Locate_Abs) refers to driver.o(.conststring) for .conststring
    driver.o(i.Locate_Abs) refers to driver.o(.data) for target_pos
    driver.o(i.Locate_Rle) refers to printf8.o(i.__0printf$8) for __2printf
    driver.o(i.Locate_Rle) refers to sys.o(i.GPIO_Pin_Set) for GPIO_Pin_Set
    driver.o(i.Locate_Rle) refers to driver.o(i.TIM8_Startup) for TIM8_Startup
    driver.o(i.Locate_Rle) refers to driver.o(.conststring) for .conststring
    driver.o(i.Locate_Rle) refers to driver.o(.data) for motor_dir
    driver.o(i.TIM8_OPM_RCR_Init) refers to sys.o(i.GPIO_Set) for GPIO_Set
    driver.o(i.TIM8_OPM_RCR_Init) refers to sys.o(i.GPIO_AF_Set) for GPIO_AF_Set
    driver.o(i.TIM8_OPM_RCR_Init) refers to sys.o(i.MY_NVIC_Init) for MY_NVIC_Init
    driver.o(i.TIM8_UP_TIM13_IRQHandler) refers to printf8.o(i.__0printf$8) for __2printf
    driver.o(i.TIM8_UP_TIM13_IRQHandler) refers to driver.o(.data) for is_rcr_finish
    usmart.o(i.TIM4_IRQHandler) refers to usmart_config.o(.data) for usmart_dev
    usmart.o(i.Timer4_Init) refers to sys.o(i.MY_NVIC_Init) for MY_NVIC_Init
    usmart.o(i.usmart_cmd_rec) refers to usmart_str.o(i.usmart_get_fname) for usmart_get_fname
    usmart.o(i.usmart_cmd_rec) refers to usmart_str.o(i.usmart_strcmp) for usmart_strcmp
    usmart.o(i.usmart_cmd_rec) refers to usmart_str.o(i.usmart_get_fparam) for usmart_get_fparam
    usmart.o(i.usmart_cmd_rec) refers to usmart_config.o(.data) for usmart_dev
    usmart.o(i.usmart_exe) refers to usmart_str.o(i.usmart_get_fname) for usmart_get_fname
    usmart.o(i.usmart_exe) refers to printf8.o(i.__0printf$8) for __2printf
    usmart.o(i.usmart_exe) refers to usmart_str.o(i.usmart_get_parmpos) for usmart_get_parmpos
    usmart.o(i.usmart_exe) refers to usmart.o(i.usmart_reset_runtime) for usmart_reset_runtime
    usmart.o(i.usmart_exe) refers to usmart.o(i.usmart_get_runtime) for usmart_get_runtime
    usmart.o(i.usmart_exe) refers to usmart_config.o(.data) for usmart_dev
    usmart.o(i.usmart_get_runtime) refers to usmart_config.o(.data) for usmart_dev
    usmart.o(i.usmart_init) refers to usmart.o(i.Timer4_Init) for Timer4_Init
    usmart.o(i.usmart_init) refers to usmart_config.o(.data) for usmart_dev
    usmart.o(i.usmart_reset_runtime) refers to usmart_config.o(.data) for usmart_dev
    usmart.o(i.usmart_scan) refers to usmart.o(i.usmart_sys_cmd_exe) for usmart_sys_cmd_exe
    usmart.o(i.usmart_scan) refers to printf8.o(i.__0printf$8) for __2printf
    usmart.o(i.usmart_scan) refers to usart.o(.data) for USART_RX_STA
    usmart.o(i.usmart_scan) refers to usart.o(.bss) for USART_RX_BUF
    usmart.o(i.usmart_scan) refers to usmart_config.o(.data) for usmart_dev
    usmart.o(i.usmart_sys_cmd_exe) refers to usmart_str.o(i.usmart_get_cmdname) for usmart_get_cmdname
    usmart.o(i.usmart_sys_cmd_exe) refers to usmart_str.o(i.usmart_strcmp) for usmart_strcmp
    usmart.o(i.usmart_sys_cmd_exe) refers to printf8.o(i.__0printf$8) for __2printf
    usmart.o(i.usmart_sys_cmd_exe) refers to usmart.o(.data) for sys_cmd_tab
    usmart.o(i.usmart_sys_cmd_exe) refers to usmart_config.o(.data) for usmart_dev
    usmart.o(i.usmart_sys_cmd_exe) refers to usmart_str.o(i.usmart_get_fname) for usmart_get_fname
    usmart.o(i.usmart_sys_cmd_exe) refers to usmart_str.o(i.usmart_get_aparm) for usmart_get_aparm
    usmart.o(i.usmart_sys_cmd_exe) refers to usmart_str.o(i.usmart_str2num) for usmart_str2num
    usmart.o(.data) refers to usmart.o(.conststring) for .conststring
    usmart_config.o(.data) refers to usmart.o(i.read_addr) for read_addr
    usmart_config.o(.data) refers to usmart_config.o(.conststring) for .conststring
    usmart_config.o(.data) refers to usmart.o(i.write_addr) for write_addr
    usmart_config.o(.data) refers to delay.o(i.delay_ms) for delay_ms
    usmart_config.o(.data) refers to delay.o(i.delay_us) for delay_us
    usmart_config.o(.data) refers to driver.o(i.Locate_Rle) for Locate_Rle
    usmart_config.o(.data) refers to driver.o(i.Locate_Abs) for Locate_Abs
    usmart_config.o(.data) refers to usmart.o(i.usmart_init) for usmart_init
    usmart_config.o(.data) refers to usmart.o(i.usmart_cmd_rec) for usmart_cmd_rec
    usmart_config.o(.data) refers to usmart.o(i.usmart_exe) for usmart_exe
    usmart_config.o(.data) refers to usmart.o(i.usmart_scan) for usmart_scan
    usmart_str.o(i.usmart_get_fname) refers to usmart_str.o(i.usmart_strcmp) for usmart_strcmp
    usmart_str.o(i.usmart_get_fname) refers to usmart_str.o(i.usmart_search_nextc) for usmart_search_nextc
    usmart_str.o(i.usmart_get_fparam) refers to usmart_str.o(i.usmart_get_aparm) for usmart_get_aparm
    usmart_str.o(i.usmart_get_fparam) refers to usmart_str.o(i.usmart_str2num) for usmart_str2num
    usmart_str.o(i.usmart_get_fparam) refers to usmart_str.o(i.usmart_get_parmpos) for usmart_get_parmpos
    usmart_str.o(i.usmart_get_fparam) refers to usmart_str.o(i.usmart_strlen) for usmart_strlen
    usmart_str.o(i.usmart_get_fparam) refers to usmart_str.o(i.usmart_strcopy) for usmart_strcopy
    usmart_str.o(i.usmart_get_fparam) refers to usmart_config.o(.data) for usmart_dev
    usmart_str.o(i.usmart_get_parmpos) refers to usmart_config.o(.data) for usmart_dev
    usmart_str.o(i.usmart_str2num) refers to usmart_str.o(i.usmart_pow) for usmart_pow
    entry.o(.ARM.Collect$$$$00000000) refers (Special) to entry10a.o(.ARM.Collect$$$$0000000D) for __rt_final_cpp
    entry.o(.ARM.Collect$$$$00000000) refers (Special) to entry11a.o(.ARM.Collect$$$$0000000F) for __rt_final_exit
    entry.o(.ARM.Collect$$$$00000000) refers (Special) to entry7b.o(.ARM.Collect$$$$00000008) for _main_clock
    entry.o(.ARM.Collect$$$$00000000) refers (Special) to entry8b.o(.ARM.Collect$$$$0000000A) for _main_cpp_init
    entry.o(.ARM.Collect$$$$00000000) refers (Special) to entry9a.o(.ARM.Collect$$$$0000000B) for _main_init
    entry.o(.ARM.Collect$$$$00000000) refers (Special) to entry5.o(.ARM.Collect$$$$00000004) for _main_scatterload
    entry.o(.ARM.Collect$$$$00000000) refers (Special) to entry2.o(.ARM.Collect$$$$00000001) for _main_stk
    printfb.o(i.__0fprintf$bare) refers to printfb.o(i._printf_core) for _printf_core
    printfb.o(i.__0fprintf$bare) refers to usart.o(i.fputc) for fputc
    printfb.o(i.__0printf$bare) refers to printfb.o(i._printf_core) for _printf_core
    printfb.o(i.__0printf$bare) refers to usart.o(i.fputc) for fputc
    printfb.o(i.__0printf$bare) refers to usart.o(.data) for __stdout
    printfb.o(i.__0snprintf$bare) refers to printfb.o(i._printf_core) for _printf_core
    printfb.o(i.__0snprintf$bare) refers to printfb.o(i._snputc) for _snputc
    printfb.o(i.__0sprintf$bare) refers to printfb.o(i._printf_core) for _printf_core
    printfb.o(i.__0sprintf$bare) refers to printfb.o(i._sputc) for _sputc
    printfb.o(i.__0vfprintf$bare) refers to printfb.o(i._printf_core) for _printf_core
    printfb.o(i.__0vfprintf$bare) refers to usart.o(i.fputc) for fputc
    printfb.o(i.__0vprintf$bare) refers to printfb.o(i._printf_core) for _printf_core
    printfb.o(i.__0vprintf$bare) refers to usart.o(i.fputc) for fputc
    printfb.o(i.__0vprintf$bare) refers to usart.o(.data) for __stdout
    printfb.o(i.__0vsnprintf$bare) refers to printfb.o(i._printf_core) for _printf_core
    printfb.o(i.__0vsnprintf$bare) refers to printfb.o(i._snputc) for _snputc
    printfb.o(i.__0vsprintf$bare) refers to printfb.o(i._printf_core) for _printf_core
    printfb.o(i.__0vsprintf$bare) refers to printfb.o(i._sputc) for _sputc
    printf0.o(i.__0fprintf$0) refers to printf0.o(i._printf_core) for _printf_core
    printf0.o(i.__0fprintf$0) refers to usart.o(i.fputc) for fputc
    printf0.o(i.__0printf$0) refers to printf0.o(i._printf_core) for _printf_core
    printf0.o(i.__0printf$0) refers to usart.o(i.fputc) for fputc
    printf0.o(i.__0printf$0) refers to usart.o(.data) for __stdout
    printf0.o(i.__0snprintf$0) refers to printf0.o(i._printf_core) for _printf_core
    printf0.o(i.__0snprintf$0) refers to printf0.o(i._snputc) for _snputc
    printf0.o(i.__0sprintf$0) refers to printf0.o(i._printf_core) for _printf_core
    printf0.o(i.__0sprintf$0) refers to printf0.o(i._sputc) for _sputc
    printf0.o(i.__0vfprintf$0) refers to printf0.o(i._printf_core) for _printf_core
    printf0.o(i.__0vfprintf$0) refers to usart.o(i.fputc) for fputc
    printf0.o(i.__0vprintf$0) refers to printf0.o(i._printf_core) for _printf_core
    printf0.o(i.__0vprintf$0) refers to usart.o(i.fputc) for fputc
    printf0.o(i.__0vprintf$0) refers to usart.o(.data) for __stdout
    printf0.o(i.__0vsnprintf$0) refers to printf0.o(i._printf_core) for _printf_core
    printf0.o(i.__0vsnprintf$0) refers to printf0.o(i._snputc) for _snputc
    printf0.o(i.__0vsprintf$0) refers to printf0.o(i._printf_core) for _printf_core
    printf0.o(i.__0vsprintf$0) refers to printf0.o(i._sputc) for _sputc
    printf1.o(i.__0fprintf$1) refers to printf1.o(i._printf_core) for _printf_core
    printf1.o(i.__0fprintf$1) refers to usart.o(i.fputc) for fputc
    printf1.o(i.__0printf$1) refers to printf1.o(i._printf_core) for _printf_core
    printf1.o(i.__0printf$1) refers to usart.o(i.fputc) for fputc
    printf1.o(i.__0printf$1) refers to usart.o(.data) for __stdout
    printf1.o(i.__0snprintf$1) refers to printf1.o(i._printf_core) for _printf_core
    printf1.o(i.__0snprintf$1) refers to printf1.o(i._snputc) for _snputc
    printf1.o(i.__0sprintf$1) refers to printf1.o(i._printf_core) for _printf_core
    printf1.o(i.__0sprintf$1) refers to printf1.o(i._sputc) for _sputc
    printf1.o(i.__0vfprintf$1) refers to printf1.o(i._printf_core) for _printf_core
    printf1.o(i.__0vfprintf$1) refers to usart.o(i.fputc) for fputc
    printf1.o(i.__0vprintf$1) refers to printf1.o(i._printf_core) for _printf_core
    printf1.o(i.__0vprintf$1) refers to usart.o(i.fputc) for fputc
    printf1.o(i.__0vprintf$1) refers to usart.o(.data) for __stdout
    printf1.o(i.__0vsnprintf$1) refers to printf1.o(i._printf_core) for _printf_core
    printf1.o(i.__0vsnprintf$1) refers to printf1.o(i._snputc) for _snputc
    printf1.o(i.__0vsprintf$1) refers to printf1.o(i._printf_core) for _printf_core
    printf1.o(i.__0vsprintf$1) refers to printf1.o(i._sputc) for _sputc
    printf1.o(i._printf_core) refers to uidiv.o(.text) for __aeabi_uidivmod
    printf2.o(i.__0fprintf$2) refers to printf2.o(i._printf_core) for _printf_core
    printf2.o(i.__0fprintf$2) refers to usart.o(i.fputc) for fputc
    printf2.o(i.__0printf$2) refers to printf2.o(i._printf_core) for _printf_core
    printf2.o(i.__0printf$2) refers to usart.o(i.fputc) for fputc
    printf2.o(i.__0printf$2) refers to usart.o(.data) for __stdout
    printf2.o(i.__0snprintf$2) refers to printf2.o(i._printf_core) for _printf_core
    printf2.o(i.__0snprintf$2) refers to printf2.o(i._snputc) for _snputc
    printf2.o(i.__0sprintf$2) refers to printf2.o(i._printf_core) for _printf_core
    printf2.o(i.__0sprintf$2) refers to printf2.o(i._sputc) for _sputc
    printf2.o(i.__0vfprintf$2) refers to printf2.o(i._printf_core) for _printf_core
    printf2.o(i.__0vfprintf$2) refers to usart.o(i.fputc) for fputc
    printf2.o(i.__0vprintf$2) refers to printf2.o(i._printf_core) for _printf_core
    printf2.o(i.__0vprintf$2) refers to usart.o(i.fputc) for fputc
    printf2.o(i.__0vprintf$2) refers to usart.o(.data) for __stdout
    printf2.o(i.__0vsnprintf$2) refers to printf2.o(i._printf_core) for _printf_core
    printf2.o(i.__0vsnprintf$2) refers to printf2.o(i._snputc) for _snputc
    printf2.o(i.__0vsprintf$2) refers to printf2.o(i._printf_core) for _printf_core
    printf2.o(i.__0vsprintf$2) refers to printf2.o(i._sputc) for _sputc
    printf3.o(i.__0fprintf$3) refers to printf3.o(i._printf_core) for _printf_core
    printf3.o(i.__0fprintf$3) refers to usart.o(i.fputc) for fputc
    printf3.o(i.__0printf$3) refers to printf3.o(i._printf_core) for _printf_core
    printf3.o(i.__0printf$3) refers to usart.o(i.fputc) for fputc
    printf3.o(i.__0printf$3) refers to usart.o(.data) for __stdout
    printf3.o(i.__0snprintf$3) refers to printf3.o(i._printf_core) for _printf_core
    printf3.o(i.__0snprintf$3) refers to printf3.o(i._snputc) for _snputc
    printf3.o(i.__0sprintf$3) refers to printf3.o(i._printf_core) for _printf_core
    printf3.o(i.__0sprintf$3) refers to printf3.o(i._sputc) for _sputc
    printf3.o(i.__0vfprintf$3) refers to printf3.o(i._printf_core) for _printf_core
    printf3.o(i.__0vfprintf$3) refers to usart.o(i.fputc) for fputc
    printf3.o(i.__0vprintf$3) refers to printf3.o(i._printf_core) for _printf_core
    printf3.o(i.__0vprintf$3) refers to usart.o(i.fputc) for fputc
    printf3.o(i.__0vprintf$3) refers to usart.o(.data) for __stdout
    printf3.o(i.__0vsnprintf$3) refers to printf3.o(i._printf_core) for _printf_core
    printf3.o(i.__0vsnprintf$3) refers to printf3.o(i._snputc) for _snputc
    printf3.o(i.__0vsprintf$3) refers to printf3.o(i._printf_core) for _printf_core
    printf3.o(i.__0vsprintf$3) refers to printf3.o(i._sputc) for _sputc
    printf3.o(i._printf_core) refers to uidiv.o(.text) for __aeabi_uidivmod
    printf4.o(i.__0fprintf$4) refers to printf4.o(i._printf_core) for _printf_core
    printf4.o(i.__0fprintf$4) refers to usart.o(i.fputc) for fputc
    printf4.o(i.__0printf$4) refers to printf4.o(i._printf_core) for _printf_core
    printf4.o(i.__0printf$4) refers to usart.o(i.fputc) for fputc
    printf4.o(i.__0printf$4) refers to usart.o(.data) for __stdout
    printf4.o(i.__0snprintf$4) refers to printf4.o(i._printf_core) for _printf_core
    printf4.o(i.__0snprintf$4) refers to printf4.o(i._snputc) for _snputc
    printf4.o(i.__0sprintf$4) refers to printf4.o(i._printf_core) for _printf_core
    printf4.o(i.__0sprintf$4) refers to printf4.o(i._sputc) for _sputc
    printf4.o(i.__0vfprintf$4) refers to printf4.o(i._printf_core) for _printf_core
    printf4.o(i.__0vfprintf$4) refers to usart.o(i.fputc) for fputc
    printf4.o(i.__0vprintf$4) refers to printf4.o(i._printf_core) for _printf_core
    printf4.o(i.__0vprintf$4) refers to usart.o(i.fputc) for fputc
    printf4.o(i.__0vprintf$4) refers to usart.o(.data) for __stdout
    printf4.o(i.__0vsnprintf$4) refers to printf4.o(i._printf_core) for _printf_core
    printf4.o(i.__0vsnprintf$4) refers to printf4.o(i._snputc) for _snputc
    printf4.o(i.__0vsprintf$4) refers to printf4.o(i._printf_core) for _printf_core
    printf4.o(i.__0vsprintf$4) refers to printf4.o(i._sputc) for _sputc
    printf4.o(i._printf_core) refers to uldiv.o(.text) for __aeabi_uldivmod
    printf5.o(i.__0fprintf$5) refers to printf5.o(i._printf_core) for _printf_core
    printf5.o(i.__0fprintf$5) refers to usart.o(i.fputc) for fputc
    printf5.o(i.__0printf$5) refers to printf5.o(i._printf_core) for _printf_core
    printf5.o(i.__0printf$5) refers to usart.o(i.fputc) for fputc
    printf5.o(i.__0printf$5) refers to usart.o(.data) for __stdout
    printf5.o(i.__0snprintf$5) refers to printf5.o(i._printf_core) for _printf_core
    printf5.o(i.__0snprintf$5) refers to printf5.o(i._snputc) for _snputc
    printf5.o(i.__0sprintf$5) refers to printf5.o(i._printf_core) for _printf_core
    printf5.o(i.__0sprintf$5) refers to printf5.o(i._sputc) for _sputc
    printf5.o(i.__0vfprintf$5) refers to printf5.o(i._printf_core) for _printf_core
    printf5.o(i.__0vfprintf$5) refers to usart.o(i.fputc) for fputc
    printf5.o(i.__0vprintf$5) refers to printf5.o(i._printf_core) for _printf_core
    printf5.o(i.__0vprintf$5) refers to usart.o(i.fputc) for fputc
    printf5.o(i.__0vprintf$5) refers to usart.o(.data) for __stdout
    printf5.o(i.__0vsnprintf$5) refers to printf5.o(i._printf_core) for _printf_core
    printf5.o(i.__0vsnprintf$5) refers to printf5.o(i._snputc) for _snputc
    printf5.o(i.__0vsprintf$5) refers to printf5.o(i._printf_core) for _printf_core
    printf5.o(i.__0vsprintf$5) refers to printf5.o(i._sputc) for _sputc
    printf5.o(i._printf_core) refers to uldiv.o(.text) for __aeabi_uldivmod
    printf6.o(i.__0fprintf$6) refers to printf6.o(i._printf_core) for _printf_core
    printf6.o(i.__0fprintf$6) refers to usart.o(i.fputc) for fputc
    printf6.o(i.__0printf$6) refers to printf6.o(i._printf_core) for _printf_core
    printf6.o(i.__0printf$6) refers to usart.o(i.fputc) for fputc
    printf6.o(i.__0printf$6) refers to usart.o(.data) for __stdout
    printf6.o(i.__0snprintf$6) refers to printf6.o(i._printf_core) for _printf_core
    printf6.o(i.__0snprintf$6) refers to printf6.o(i._snputc) for _snputc
    printf6.o(i.__0sprintf$6) refers to printf6.o(i._printf_core) for _printf_core
    printf6.o(i.__0sprintf$6) refers to printf6.o(i._sputc) for _sputc
    printf6.o(i.__0vfprintf$6) refers to printf6.o(i._printf_core) for _printf_core
    printf6.o(i.__0vfprintf$6) refers to usart.o(i.fputc) for fputc
    printf6.o(i.__0vprintf$6) refers to printf6.o(i._printf_core) for _printf_core
    printf6.o(i.__0vprintf$6) refers to usart.o(i.fputc) for fputc
    printf6.o(i.__0vprintf$6) refers to usart.o(.data) for __stdout
    printf6.o(i.__0vsnprintf$6) refers to printf6.o(i._printf_core) for _printf_core
    printf6.o(i.__0vsnprintf$6) refers to printf6.o(i._snputc) for _snputc
    printf6.o(i.__0vsprintf$6) refers to printf6.o(i._printf_core) for _printf_core
    printf6.o(i.__0vsprintf$6) refers to printf6.o(i._sputc) for _sputc
    printf6.o(i._printf_core) refers to printf6.o(i._printf_pre_padding) for _printf_pre_padding
    printf6.o(i._printf_core) refers to uidiv.o(.text) for __aeabi_uidivmod
    printf6.o(i._printf_core) refers to printf6.o(i._printf_post_padding) for _printf_post_padding
    printf7.o(i.__0fprintf$7) refers to printf7.o(i._printf_core) for _printf_core
    printf7.o(i.__0fprintf$7) refers to usart.o(i.fputc) for fputc
    printf7.o(i.__0printf$7) refers to printf7.o(i._printf_core) for _printf_core
    printf7.o(i.__0printf$7) refers to usart.o(i.fputc) for fputc
    printf7.o(i.__0printf$7) refers to usart.o(.data) for __stdout
    printf7.o(i.__0snprintf$7) refers to printf7.o(i._printf_core) for _printf_core
    printf7.o(i.__0snprintf$7) refers to printf7.o(i._snputc) for _snputc
    printf7.o(i.__0sprintf$7) refers to printf7.o(i._printf_core) for _printf_core
    printf7.o(i.__0sprintf$7) refers to printf7.o(i._sputc) for _sputc
    printf7.o(i.__0vfprintf$7) refers to printf7.o(i._printf_core) for _printf_core
    printf7.o(i.__0vfprintf$7) refers to usart.o(i.fputc) for fputc
    printf7.o(i.__0vprintf$7) refers to printf7.o(i._printf_core) for _printf_core
    printf7.o(i.__0vprintf$7) refers to usart.o(i.fputc) for fputc
    printf7.o(i.__0vprintf$7) refers to usart.o(.data) for __stdout
    printf7.o(i.__0vsnprintf$7) refers to printf7.o(i._printf_core) for _printf_core
    printf7.o(i.__0vsnprintf$7) refers to printf7.o(i._snputc) for _snputc
    printf7.o(i.__0vsprintf$7) refers to printf7.o(i._printf_core) for _printf_core
    printf7.o(i.__0vsprintf$7) refers to printf7.o(i._sputc) for _sputc
    printf7.o(i._printf_core) refers to printf7.o(i._printf_pre_padding) for _printf_pre_padding
    printf7.o(i._printf_core) refers to uldiv.o(.text) for __aeabi_uldivmod
    printf7.o(i._printf_core) refers to printf7.o(i._printf_post_padding) for _printf_post_padding
    printf8.o(i.__0fprintf$8) refers to printf8.o(i._printf_core) for _printf_core
    printf8.o(i.__0fprintf$8) refers to usart.o(i.fputc) for fputc
    printf8.o(i.__0printf$8) refers to printf8.o(i._printf_core) for _printf_core
    printf8.o(i.__0printf$8) refers to usart.o(i.fputc) for fputc
    printf8.o(i.__0printf$8) refers to usart.o(.data) for __stdout
    printf8.o(i.__0snprintf$8) refers to printf8.o(i._printf_core) for _printf_core
    printf8.o(i.__0snprintf$8) refers to printf8.o(i._snputc) for _snputc
    printf8.o(i.__0sprintf$8) refers to printf8.o(i._printf_core) for _printf_core
    printf8.o(i.__0sprintf$8) refers to printf8.o(i._sputc) for _sputc
    printf8.o(i.__0vfprintf$8) refers to printf8.o(i._printf_core) for _printf_core
    printf8.o(i.__0vfprintf$8) refers to usart.o(i.fputc) for fputc
    printf8.o(i.__0vprintf$8) refers to printf8.o(i._printf_core) for _printf_core
    printf8.o(i.__0vprintf$8) refers to usart.o(i.fputc) for fputc
    printf8.o(i.__0vprintf$8) refers to usart.o(.data) for __stdout
    printf8.o(i.__0vsnprintf$8) refers to printf8.o(i._printf_core) for _printf_core
    printf8.o(i.__0vsnprintf$8) refers to printf8.o(i._snputc) for _snputc
    printf8.o(i.__0vsprintf$8) refers to printf8.o(i._printf_core) for _printf_core
    printf8.o(i.__0vsprintf$8) refers to printf8.o(i._sputc) for _sputc
    printf8.o(i._printf_core) refers to printf8.o(i._printf_pre_padding) for _printf_pre_padding
    printf8.o(i._printf_core) refers to uldiv.o(.text) for __aeabi_uldivmod
    printf8.o(i._printf_core) refers to printf8.o(i._printf_post_padding) for _printf_post_padding
    printfa.o(i.__0fprintf) refers (Special) to iusefp.o(.text) for __I$use$fp
    printfa.o(i.__0fprintf) refers to printfa.o(i._printf_core) for _printf_core
    printfa.o(i.__0fprintf) refers to usart.o(i.fputc) for fputc
    printfa.o(i.__0printf) refers (Special) to iusefp.o(.text) for __I$use$fp
    printfa.o(i.__0printf) refers to printfa.o(i._printf_core) for _printf_core
    printfa.o(i.__0printf) refers to usart.o(i.fputc) for fputc
    printfa.o(i.__0printf) refers to usart.o(.data) for __stdout
    printfa.o(i.__0snprintf) refers (Special) to iusefp.o(.text) for __I$use$fp
    printfa.o(i.__0snprintf) refers to printfa.o(i._printf_core) for _printf_core
    printfa.o(i.__0snprintf) refers to printfa.o(i._snputc) for _snputc
    printfa.o(i.__0sprintf) refers (Special) to iusefp.o(.text) for __I$use$fp
    printfa.o(i.__0sprintf) refers to printfa.o(i._printf_core) for _printf_core
    printfa.o(i.__0sprintf) refers to printfa.o(i._sputc) for _sputc
    printfa.o(i.__0vfprintf) refers (Special) to iusefp.o(.text) for __I$use$fp
    printfa.o(i.__0vfprintf) refers to printfa.o(i._printf_core) for _printf_core
    printfa.o(i.__0vfprintf) refers to usart.o(i.fputc) for fputc
    printfa.o(i.__0vprintf) refers (Special) to iusefp.o(.text) for __I$use$fp
    printfa.o(i.__0vprintf) refers to printfa.o(i._printf_core) for _printf_core
    printfa.o(i.__0vprintf) refers to usart.o(i.fputc) for fputc
    printfa.o(i.__0vprintf) refers to usart.o(.data) for __stdout
    printfa.o(i.__0vsnprintf) refers (Special) to iusefp.o(.text) for __I$use$fp
    printfa.o(i.__0vsnprintf) refers to printfa.o(i._printf_core) for _printf_core
    printfa.o(i.__0vsnprintf) refers to printfa.o(i._snputc) for _snputc
    printfa.o(i.__0vsprintf) refers (Special) to iusefp.o(.text) for __I$use$fp
    printfa.o(i.__0vsprintf) refers to printfa.o(i._printf_core) for _printf_core
    printfa.o(i.__0vsprintf) refers to printfa.o(i._sputc) for _sputc
    printfa.o(i._fp_digits) refers (Special) to iusefp.o(.text) for __I$use$fp
    printfa.o(i._fp_digits) refers to dmul.o(.text) for __aeabi_dmul
    printfa.o(i._fp_digits) refers to ddiv.o(.text) for __aeabi_ddiv
    printfa.o(i._fp_digits) refers to cdrcmple.o(.text) for __aeabi_cdrcmple
    printfa.o(i._fp_digits) refers to dadd.o(.text) for __aeabi_dadd
    printfa.o(i._fp_digits) refers to dfixul.o(.text) for __aeabi_d2ulz
    printfa.o(i._fp_digits) refers to uldiv.o(.text) for __aeabi_uldivmod
    printfa.o(i._printf_core) refers (Special) to iusefp.o(.text) for __I$use$fp
    printfa.o(i._printf_core) refers to printfa.o(i._printf_pre_padding) for _printf_pre_padding
    printfa.o(i._printf_core) refers to uldiv.o(.text) for __aeabi_uldivmod
    printfa.o(i._printf_core) refers to printfa.o(i._printf_post_padding) for _printf_post_padding
    printfa.o(i._printf_core) refers to printfa.o(i._fp_digits) for _fp_digits
    printfa.o(i._printf_core) refers to uidiv.o(.text) for __aeabi_uidivmod
    printfa.o(i._printf_post_padding) refers (Special) to iusefp.o(.text) for __I$use$fp
    printfa.o(i._printf_pre_padding) refers (Special) to iusefp.o(.text) for __I$use$fp
    printfa.o(i._snputc) refers (Special) to iusefp.o(.text) for __I$use$fp
    printfa.o(i._sputc) refers (Special) to iusefp.o(.text) for __I$use$fp
    entry2.o(.ARM.Collect$$$$00000001) refers to entry2.o(.ARM.Collect$$$$00002712) for __lit__00000000
    entry2.o(.ARM.Collect$$$$00002712) refers to startup_stm32f767xx.o(STACK) for __initial_sp
    entry2.o(__vectab_stack_and_reset_area) refers to startup_stm32f767xx.o(STACK) for __initial_sp
    entry2.o(__vectab_stack_and_reset_area) refers to entry.o(.ARM.Collect$$$$00000000) for __main
    entry5.o(.ARM.Collect$$$$00000004) refers to init.o(.text) for __scatterload
    entry9a.o(.ARM.Collect$$$$0000000B) refers to test.o(i.main) for main
    entry9b.o(.ARM.Collect$$$$0000000C) refers to test.o(i.main) for main
    uldiv.o(.text) refers to llushr.o(.text) for __aeabi_llsr
    uldiv.o(.text) refers to llshl.o(.text) for __aeabi_llsl
    dadd.o(.text) refers to llshl.o(.text) for __aeabi_llsl
    dadd.o(.text) refers to llsshr.o(.text) for __aeabi_lasr
    dadd.o(.text) refers to depilogue.o(.text) for _double_epilogue
    dmul.o(.text) refers to depilogue.o(.text) for _double_epilogue
    ddiv.o(.text) refers to depilogue.o(.text) for _double_round
    dfixul.o(.text) refers to llushr.o(.text) for __aeabi_llsr
    dfixul.o(.text) refers to llshl.o(.text) for __aeabi_llsl
    init.o(.text) refers to entry5.o(.ARM.Collect$$$$00000004) for __main_after_scatterload
    depilogue.o(.text) refers to llshl.o(.text) for __aeabi_llsl
    depilogue.o(.text) refers to llushr.o(.text) for __aeabi_llsr


==============================================================================

Removing Unused input sections from the image.

    Removing startup_stm32f767xx.o(HEAP), (0 bytes).
    Removing test.o(.rev16_text), (4 bytes).
    Removing test.o(.revsh_text), (4 bytes).
    Removing test.o(.rrx_text), (6 bytes).
    Removing delay.o(.rev16_text), (4 bytes).
    Removing delay.o(.revsh_text), (4 bytes).
    Removing delay.o(.rrx_text), (6 bytes).
    Removing sys.o(.rev16_text), (4 bytes).
    Removing sys.o(.revsh_text), (4 bytes).
    Removing sys.o(.rrx_text), (6 bytes).
    Removing sys.o(.emb_text), (6 bytes).
    Removing sys.o(i.Ex_NVIC_Config), (180 bytes).
    Removing sys.o(i.INTX_DISABLE), (4 bytes).
    Removing sys.o(i.INTX_ENABLE), (4 bytes).
    Removing sys.o(i.Sys_Soft_Reset), (16 bytes).
    Removing sys.o(i.Sys_Standby), (84 bytes).
    Removing sys.o(i.WFI_SET), (4 bytes).
    Removing usart.o(.rev16_text), (4 bytes).
    Removing usart.o(.revsh_text), (4 bytes).
    Removing usart.o(.rrx_text), (6 bytes).
    Removing usart.o(i._sys_exit), (4 bytes).
    Removing usart.o(i._ttywrch), (4 bytes).
    Removing led.o(.rev16_text), (4 bytes).
    Removing led.o(.revsh_text), (4 bytes).
    Removing led.o(.rrx_text), (6 bytes).
    Removing key.o(.rev16_text), (4 bytes).
    Removing key.o(.revsh_text), (4 bytes).
    Removing key.o(.rrx_text), (6 bytes).
    Removing driver.o(.rev16_text), (4 bytes).
    Removing driver.o(.revsh_text), (4 bytes).
    Removing driver.o(.rrx_text), (6 bytes).
    Removing usmart.o(.rev16_text), (4 bytes).
    Removing usmart.o(.revsh_text), (4 bytes).
    Removing usmart.o(.rrx_text), (6 bytes).
    Removing usmart_config.o(.rev16_text), (4 bytes).
    Removing usmart_config.o(.revsh_text), (4 bytes).
    Removing usmart_config.o(.rrx_text), (6 bytes).
    Removing usmart_str.o(.rev16_text), (4 bytes).
    Removing usmart_str.o(.revsh_text), (4 bytes).
    Removing usmart_str.o(.rrx_text), (6 bytes).
    Removing dadd.o(.text), (334 bytes).
    Removing dmul.o(.text), (228 bytes).
    Removing ddiv.o(.text), (222 bytes).
    Removing dfixul.o(.text), (48 bytes).
    Removing cdrcmple.o(.text), (48 bytes).
    Removing depilogue.o(.text), (186 bytes).

46 unused section(s) (total 1512 bytes) removed from the image.

==============================================================================

Image Symbol Table

    Local Symbols

    Symbol Name                              Value     Ov Type        Size  Object(Section)

    ../clib/../cmprslib/zerorunl2.c          0x00000000   Number         0  __dczerorl2.o ABSOLUTE
    ../clib/microlib/division.c              0x00000000   Number         0  uidiv.o ABSOLUTE
    ../clib/microlib/division.c              0x00000000   Number         0  uldiv.o ABSOLUTE
    ../clib/microlib/init/entry.s            0x00000000   Number         0  entry.o ABSOLUTE
    ../clib/microlib/init/entry.s            0x00000000   Number         0  entry2.o ABSOLUTE
    ../clib/microlib/init/entry.s            0x00000000   Number         0  entry5.o ABSOLUTE
    ../clib/microlib/init/entry.s            0x00000000   Number         0  entry7a.o ABSOLUTE
    ../clib/microlib/init/entry.s            0x00000000   Number         0  entry7b.o ABSOLUTE
    ../clib/microlib/init/entry.s            0x00000000   Number         0  entry8a.o ABSOLUTE
    ../clib/microlib/init/entry.s            0x00000000   Number         0  entry8b.o ABSOLUTE
    ../clib/microlib/init/entry.s            0x00000000   Number         0  entry9a.o ABSOLUTE
    ../clib/microlib/init/entry.s            0x00000000   Number         0  entry10b.o ABSOLUTE
    ../clib/microlib/init/entry.s            0x00000000   Number         0  entry9b.o ABSOLUTE
    ../clib/microlib/init/entry.s            0x00000000   Number         0  entry10a.o ABSOLUTE
    ../clib/microlib/init/entry.s            0x00000000   Number         0  entry11a.o ABSOLUTE
    ../clib/microlib/init/entry.s            0x00000000   Number         0  entry11b.o ABSOLUTE
    ../clib/microlib/longlong.c              0x00000000   Number         0  llushr.o ABSOLUTE
    ../clib/microlib/longlong.c              0x00000000   Number         0  llsshr.o ABSOLUTE
    ../clib/microlib/longlong.c              0x00000000   Number         0  llshl.o ABSOLUTE
    ../clib/microlib/printf/printf.c         0x00000000   Number         0  printf4.o ABSOLUTE
    ../clib/microlib/printf/printf.c         0x00000000   Number         0  printf2.o ABSOLUTE
    ../clib/microlib/printf/printf.c         0x00000000   Number         0  printf6.o ABSOLUTE
    ../clib/microlib/printf/printf.c         0x00000000   Number         0  printf7.o ABSOLUTE
    ../clib/microlib/printf/printf.c         0x00000000   Number         0  printf1.o ABSOLUTE
    ../clib/microlib/printf/printf.c         0x00000000   Number         0  printf8.o ABSOLUTE
    ../clib/microlib/printf/printf.c         0x00000000   Number         0  printf0.o ABSOLUTE
    ../clib/microlib/printf/printf.c         0x00000000   Number         0  printfb.o ABSOLUTE
    ../clib/microlib/printf/printf.c         0x00000000   Number         0  printfa.o ABSOLUTE
    ../clib/microlib/printf/printf.c         0x00000000   Number         0  printf3.o ABSOLUTE
    ../clib/microlib/printf/printf.c         0x00000000   Number         0  printf5.o ABSOLUTE
    ../clib/microlib/printf/stubs.s          0x00000000   Number         0  stubs.o ABSOLUTE
    ../clib/microlib/stubs.s                 0x00000000   Number         0  useno.o ABSOLUTE
    ../clib/microlib/stubs.s                 0x00000000   Number         0  iusefp.o ABSOLUTE
    ../fplib/microlib/fpadd.c                0x00000000   Number         0  dadd.o ABSOLUTE
    ../fplib/microlib/fpdiv.c                0x00000000   Number         0  ddiv.o ABSOLUTE
    ../fplib/microlib/fpepilogue.c           0x00000000   Number         0  depilogue.o ABSOLUTE
    ../fplib/microlib/fpfix.c                0x00000000   Number         0  dfixul.o ABSOLUTE
    ../fplib/microlib/fpmul.c                0x00000000   Number         0  dmul.o ABSOLUTE
    ..\HARDWARE\DRIVER\driver.c              0x00000000   Number         0  driver.o ABSOLUTE
    ..\HARDWARE\KEY\key.c                    0x00000000   Number         0  key.o ABSOLUTE
    ..\HARDWARE\LED\led.c                    0x00000000   Number         0  led.o ABSOLUTE
    ..\SYSTEM\delay\delay.c                  0x00000000   Number         0  delay.o ABSOLUTE
    ..\SYSTEM\sys\sys.c                      0x00000000   Number         0  sys.o ABSOLUTE
    ..\SYSTEM\usart\usart.c                  0x00000000   Number         0  usart.o ABSOLUTE
    ..\USMART\usmart.c                       0x00000000   Number         0  usmart.o ABSOLUTE
    ..\USMART\usmart_config.c                0x00000000   Number         0  usmart_config.o ABSOLUTE
    ..\USMART\usmart_str.c                   0x00000000   Number         0  usmart_str.o ABSOLUTE
    ..\\HARDWARE\\DRIVER\\driver.c           0x00000000   Number         0  driver.o ABSOLUTE
    ..\\HARDWARE\\KEY\\key.c                 0x00000000   Number         0  key.o ABSOLUTE
    ..\\HARDWARE\\LED\\led.c                 0x00000000   Number         0  led.o ABSOLUTE
    ..\\SYSTEM\\delay\\delay.c               0x00000000   Number         0  delay.o ABSOLUTE
    ..\\SYSTEM\\sys\\sys.c                   0x00000000   Number         0  sys.o ABSOLUTE
    ..\\SYSTEM\\usart\\usart.c               0x00000000   Number         0  usart.o ABSOLUTE
    ..\\USMART\\usmart.c                     0x00000000   Number         0  usmart.o ABSOLUTE
    ..\\USMART\\usmart_config.c              0x00000000   Number         0  usmart_config.o ABSOLUTE
    ..\\USMART\\usmart_str.c                 0x00000000   Number         0  usmart_str.o ABSOLUTE
    cdrcmple.s                               0x00000000   Number         0  cdrcmple.o ABSOLUTE
    dc.s                                     0x00000000   Number         0  dc.o ABSOLUTE
    handlers.s                               0x00000000   Number         0  handlers.o ABSOLUTE
    init.s                                   0x00000000   Number         0  init.o ABSOLUTE
    startup_stm32f767xx.s                    0x00000000   Number         0  startup_stm32f767xx.o ABSOLUTE
    test.c                                   0x00000000   Number         0  test.o ABSOLUTE
    test.c                                   0x00000000   Number         0  test.o ABSOLUTE
    RESET                                    0x08000000   Section      504  startup_stm32f767xx.o(RESET)
    .ARM.Collect$$$$00000000                 0x080001f8   Section        0  entry.o(.ARM.Collect$$$$00000000)
    .ARM.Collect$$$$00000001                 0x080001f8   Section        4  entry2.o(.ARM.Collect$$$$00000001)
    .ARM.Collect$$$$00000004                 0x080001fc   Section        4  entry5.o(.ARM.Collect$$$$00000004)
    .ARM.Collect$$$$00000008                 0x08000200   Section        0  entry7b.o(.ARM.Collect$$$$00000008)
    .ARM.Collect$$$$0000000A                 0x08000200   Section        0  entry8b.o(.ARM.Collect$$$$0000000A)
    .ARM.Collect$$$$0000000B                 0x08000200   Section        8  entry9a.o(.ARM.Collect$$$$0000000B)
    .ARM.Collect$$$$0000000D                 0x08000208   Section        0  entry10a.o(.ARM.Collect$$$$0000000D)
    .ARM.Collect$$$$0000000F                 0x08000208   Section        0  entry11a.o(.ARM.Collect$$$$0000000F)
    .ARM.Collect$$$$00002712                 0x08000208   Section        4  entry2.o(.ARM.Collect$$$$00002712)
    __lit__00000000                          0x08000208   Data           4  entry2.o(.ARM.Collect$$$$00002712)
    .text                                    0x0800020c   Section       68  startup_stm32f767xx.o(.text)
    $v0                                      0x0800020c   Number         0  startup_stm32f767xx.o(.text)
    .text                                    0x08000250   Section        0  uldiv.o(.text)
    .text                                    0x080002b4   Section       36  init.o(.text)
    .text                                    0x080002d8   Section        0  llshl.o(.text)
    .text                                    0x080002f6   Section        0  llushr.o(.text)
    .text                                    0x08000316   Section        0  __dczerorl2.o(.text)
    i.Cache_Enable                           0x0800036c   Section        0  sys.o(i.Cache_Enable)
    i.Driver_Init                            0x080003e4   Section        0  driver.o(i.Driver_Init)
    i.GPIO_AF_Set                            0x08000444   Section        0  sys.o(i.GPIO_AF_Set)
    i.GPIO_Pin_Get                           0x08000484   Section        0  sys.o(i.GPIO_Pin_Get)
    i.GPIO_Pin_Set                           0x08000494   Section        0  sys.o(i.GPIO_Pin_Set)
    i.GPIO_Read                              0x080004a4   Section        0  sys.o(i.GPIO_Read)
    i.GPIO_Set                               0x080004b0   Section        0  sys.o(i.GPIO_Set)
    i.KEY_Init                               0x08000590   Section        0  key.o(i.KEY_Init)
    i.KEY_Scan                               0x08000600   Section        0  key.o(i.KEY_Scan)
    i.LED_Init                               0x080006d0   Section        0  led.o(i.LED_Init)
    i.Locate_Abs                             0x08000710   Section        0  driver.o(i.Locate_Abs)
    i.Locate_Rle                             0x0800082c   Section        0  driver.o(i.Locate_Rle)
    i.MY_NVIC_Init                           0x08000954   Section        0  sys.o(i.MY_NVIC_Init)
    i.MY_NVIC_PriorityGroupConfig            0x080009cc   Section        0  sys.o(i.MY_NVIC_PriorityGroupConfig)
    i.MY_NVIC_SetVectorTable                 0x080009f4   Section        0  sys.o(i.MY_NVIC_SetVectorTable)
    i.SCB_EnableDCache                       0x08000a04   Section        0  sys.o(i.SCB_EnableDCache)
    SCB_EnableDCache                         0x08000a05   Thumb Code   148  sys.o(i.SCB_EnableDCache)
    i.Stm32_Clock_Init                       0x08000aa0   Section        0  sys.o(i.Stm32_Clock_Init)
    i.Sys_Clock_Set                          0x08000b10   Section        0  sys.o(i.Sys_Clock_Set)
    i.TIM4_IRQHandler                        0x08000c24   Section        0  usmart.o(i.TIM4_IRQHandler)
    i.TIM8_OPM_RCR_Init                      0x08000c60   Section        0  driver.o(i.TIM8_OPM_RCR_Init)
    i.TIM8_Startup                           0x08000d4c   Section        0  driver.o(i.TIM8_Startup)
    i.TIM8_UP_TIM13_IRQHandler               0x08000d88   Section        0  driver.o(i.TIM8_UP_TIM13_IRQHandler)
    i.Timer4_Init                            0x08000ea4   Section        0  usmart.o(i.Timer4_Init)
    i.USART1_IRQHandler                      0x08000ef4   Section        0  usart.o(i.USART1_IRQHandler)
    i.__0printf$8                            0x08000f74   Section        0  printf8.o(i.__0printf$8)
    i.__scatterload_copy                     0x08000f94   Section       14  handlers.o(i.__scatterload_copy)
    i.__scatterload_null                     0x08000fa2   Section        2  handlers.o(i.__scatterload_null)
    i.__scatterload_zeroinit                 0x08000fa4   Section       14  handlers.o(i.__scatterload_zeroinit)
    i._printf_core                           0x08000fb4   Section        0  printf8.o(i._printf_core)
    _printf_core                             0x08000fb5   Thumb Code   996  printf8.o(i._printf_core)
    i._printf_post_padding                   0x080013c4   Section        0  printf8.o(i._printf_post_padding)
    _printf_post_padding                     0x080013c5   Thumb Code    36  printf8.o(i._printf_post_padding)
    i._printf_pre_padding                    0x080013e8   Section        0  printf8.o(i._printf_pre_padding)
    _printf_pre_padding                      0x080013e9   Thumb Code    46  printf8.o(i._printf_pre_padding)
    i.delay_init                             0x08001418   Section        0  delay.o(i.delay_init)
    i.delay_ms                               0x08001450   Section        0  delay.o(i.delay_ms)
    i.delay_us                               0x08001488   Section        0  delay.o(i.delay_us)
    i.delay_xms                              0x080014c4   Section        0  delay.o(i.delay_xms)
    i.fputc                                  0x08001500   Section        0  usart.o(i.fputc)
    i.main                                   0x0800151c   Section        0  test.o(i.main)
    i.read_addr                              0x08001610   Section        0  usmart.o(i.read_addr)
    i.uart_init                              0x08001618   Section        0  usart.o(i.uart_init)
    i.usmart_cmd_rec                         0x080016d4   Section        0  usmart.o(i.usmart_cmd_rec)
    i.usmart_exe                             0x08001784   Section        0  usmart.o(i.usmart_exe)
    i.usmart_get_aparm                       0x08001a58   Section        0  usmart_str.o(i.usmart_get_aparm)
    i.usmart_get_cmdname                     0x08001b2c   Section        0  usmart_str.o(i.usmart_get_cmdname)
    i.usmart_get_fname                       0x08001b64   Section        0  usmart_str.o(i.usmart_get_fname)
    i.usmart_get_fparam                      0x08001d24   Section        0  usmart_str.o(i.usmart_get_fparam)
    i.usmart_get_parmpos                     0x08001e30   Section        0  usmart_str.o(i.usmart_get_parmpos)
    i.usmart_get_runtime                     0x08001e50   Section        0  usmart.o(i.usmart_get_runtime)
    i.usmart_init                            0x08001e90   Section        0  usmart.o(i.usmart_init)
    i.usmart_pow                             0x08001eb8   Section        0  usmart_str.o(i.usmart_pow)
    i.usmart_reset_runtime                   0x08001ed0   Section        0  usmart.o(i.usmart_reset_runtime)
    i.usmart_scan                            0x08001f00   Section        0  usmart.o(i.usmart_scan)
    i.usmart_search_nextc                    0x08001fbc   Section        0  usmart_str.o(i.usmart_search_nextc)
    i.usmart_str2num                         0x08001fd2   Section        0  usmart_str.o(i.usmart_str2num)
    i.usmart_strcmp                          0x080020d8   Section        0  usmart_str.o(i.usmart_strcmp)
    i.usmart_strcopy                         0x080020fa   Section        0  usmart_str.o(i.usmart_strcopy)
    i.usmart_strlen                          0x08002110   Section        0  usmart_str.o(i.usmart_strlen)
    i.usmart_sys_cmd_exe                     0x08002128   Section        0  usmart.o(i.usmart_sys_cmd_exe)
    i.write_addr                             0x0800281c   Section        0  usmart.o(i.write_addr)
    .conststring                             0x08002820   Section       72  driver.o(.conststring)
    .conststring                             0x08002868   Section       40  usmart.o(.conststring)
    .conststring                             0x08002890   Section      204  usmart_config.o(.conststring)
    .data                                    0x20020000   Section        4  delay.o(.data)
    fac_us                                   0x20020000   Data           1  delay.o(.data)
    fac_ms                                   0x20020002   Data           2  delay.o(.data)
    .data                                    0x20020004   Section        6  usart.o(.data)
    .data                                    0x2002000a   Section        1  key.o(.data)
    key_up                                   0x2002000a   Data           1  key.o(.data)
    .data                                    0x2002000c   Section       17  driver.o(.data)
    .data                                    0x20020020   Section       28  usmart.o(.data)
    .data                                    0x2002003c   Section      292  usmart_config.o(.data)
    .bss                                     0x20020160   Section      200  usart.o(.bss)
    STACK                                    0x20020228   Section     2048  startup_stm32f767xx.o(STACK)

    Global Symbols

    Symbol Name                              Value     Ov Type        Size  Object(Section)

    BuildAttributes$$THM_ISAv4$E$P$D$K$B$S$7EM$VFPv5_D16$PE$PLD8$A:L22UL41UL21$X:L11$S22US41US21$IEEE1$IW$USESV6$~STKCKD$USESV7$~SHL$OSPACE$ROPI$EBA8$MICROLIB$REQ8$PRES8$EABIv2 0x00000000   Number         0  anon$$obj.o ABSOLUTE
    __ARM_use_no_argv                        0x00000000   Number         0  test.o ABSOLUTE
    __use_no_errno                           0x00000000   Number         0  useno.o ABSOLUTE
    __use_no_exception_handling              0x00000000   Number         0  useno.o ABSOLUTE
    __use_no_fp                              0x00000000   Number         0  useno.o ABSOLUTE
    __use_no_heap                            0x00000000   Number         0  useno.o ABSOLUTE
    __use_no_heap_region                     0x00000000   Number         0  useno.o ABSOLUTE
    __use_no_semihosting                     0x00000000   Number         0  useno.o ABSOLUTE
    __use_no_semihosting_swi                 0x00000000   Number         0  useno.o ABSOLUTE
    __use_no_signal_handling                 0x00000000   Number         0  useno.o ABSOLUTE
    _printf_a                                0x00000000   Number         0  stubs.o ABSOLUTE
    _printf_c                                0x00000000   Number         0  stubs.o ABSOLUTE
    _printf_charcount                        0x00000000   Number         0  stubs.o ABSOLUTE
    _printf_d                                0x00000000   Number         0  stubs.o ABSOLUTE
    _printf_e                                0x00000000   Number         0  stubs.o ABSOLUTE
    _printf_f                                0x00000000   Number         0  stubs.o ABSOLUTE
    _printf_flags                            0x00000000   Number         0  stubs.o ABSOLUTE
    _printf_fp_dec                           0x00000000   Number         0  stubs.o ABSOLUTE
    _printf_fp_hex                           0x00000000   Number         0  stubs.o ABSOLUTE
    _printf_g                                0x00000000   Number         0  stubs.o ABSOLUTE
    _printf_i                                0x00000000   Number         0  stubs.o ABSOLUTE
    _printf_int_dec                          0x00000000   Number         0  stubs.o ABSOLUTE
    _printf_l                                0x00000000   Number         0  stubs.o ABSOLUTE
    _printf_lc                               0x00000000   Number         0  stubs.o ABSOLUTE
    _printf_ll                               0x00000000   Number         0  stubs.o ABSOLUTE
    _printf_lld                              0x00000000   Number         0  stubs.o ABSOLUTE
    _printf_lli                              0x00000000   Number         0  stubs.o ABSOLUTE
    _printf_llo                              0x00000000   Number         0  stubs.o ABSOLUTE
    _printf_llu                              0x00000000   Number         0  stubs.o ABSOLUTE
    _printf_llx                              0x00000000   Number         0  stubs.o ABSOLUTE
    _printf_longlong_dec                     0x00000000   Number         0  stubs.o ABSOLUTE
    _printf_longlong_hex                     0x00000000   Number         0  stubs.o ABSOLUTE
    _printf_longlong_oct                     0x00000000   Number         0  stubs.o ABSOLUTE
    _printf_ls                               0x00000000   Number         0  stubs.o ABSOLUTE
    _printf_mbtowc                           0x00000000   Number         0  stubs.o ABSOLUTE
    _printf_n                                0x00000000   Number         0  stubs.o ABSOLUTE
    _printf_o                                0x00000000   Number         0  stubs.o ABSOLUTE
    _printf_p                                0x00000000   Number         0  stubs.o ABSOLUTE
    _printf_percent                          0x00000000   Number         0  stubs.o ABSOLUTE
    _printf_pre_padding                      0x00000000   Number         0  stubs.o ABSOLUTE
    _printf_return_value                     0x00000000   Number         0  stubs.o ABSOLUTE
    _printf_s                                0x00000000   Number         0  stubs.o ABSOLUTE
    _printf_sizespec                         0x00000000   Number         0  stubs.o ABSOLUTE
    _printf_str                              0x00000000   Number         0  stubs.o ABSOLUTE
    _printf_truncate_signed                  0x00000000   Number         0  stubs.o ABSOLUTE
    _printf_truncate_unsigned                0x00000000   Number         0  stubs.o ABSOLUTE
    _printf_u                                0x00000000   Number         0  stubs.o ABSOLUTE
    _printf_wc                               0x00000000   Number         0  stubs.o ABSOLUTE
    _printf_wctomb                           0x00000000   Number         0  stubs.o ABSOLUTE
    _printf_widthprec                        0x00000000   Number         0  stubs.o ABSOLUTE
    _printf_x                                0x00000000   Number         0  stubs.o ABSOLUTE
    __cpp_initialize__aeabi_                  - Undefined Weak Reference
    __cxa_finalize                            - Undefined Weak Reference
    _clock_init                               - Undefined Weak Reference
    _microlib_exit                            - Undefined Weak Reference
    __Vectors_Size                           0x000001f8   Number         0  startup_stm32f767xx.o ABSOLUTE
    __Vectors                                0x08000000   Data           4  startup_stm32f767xx.o(RESET)
    __Vectors_End                            0x080001f8   Data           0  startup_stm32f767xx.o(RESET)
    __main                                   0x080001f9   Thumb Code     0  entry.o(.ARM.Collect$$$$00000000)
    _main_stk                                0x080001f9   Thumb Code     0  entry2.o(.ARM.Collect$$$$00000001)
    _main_scatterload                        0x080001fd   Thumb Code     0  entry5.o(.ARM.Collect$$$$00000004)
    __main_after_scatterload                 0x08000201   Thumb Code     0  entry5.o(.ARM.Collect$$$$00000004)
    _main_clock                              0x08000201   Thumb Code     0  entry7b.o(.ARM.Collect$$$$00000008)
    _main_cpp_init                           0x08000201   Thumb Code     0  entry8b.o(.ARM.Collect$$$$0000000A)
    _main_init                               0x08000201   Thumb Code     0  entry9a.o(.ARM.Collect$$$$0000000B)
    __rt_final_cpp                           0x08000209   Thumb Code     0  entry10a.o(.ARM.Collect$$$$0000000D)
    __rt_final_exit                          0x08000209   Thumb Code     0  entry11a.o(.ARM.Collect$$$$0000000F)
    Reset_Handler                            0x0800020d   Thumb Code    36  startup_stm32f767xx.o(.text)
    NMI_Handler                              0x08000231   Thumb Code     2  startup_stm32f767xx.o(.text)
    HardFault_Handler                        0x08000233   Thumb Code     2  startup_stm32f767xx.o(.text)
    MemManage_Handler                        0x08000235   Thumb Code     2  startup_stm32f767xx.o(.text)
    BusFault_Handler                         0x08000237   Thumb Code     2  startup_stm32f767xx.o(.text)
    UsageFault_Handler                       0x08000239   Thumb Code     2  startup_stm32f767xx.o(.text)
    SVC_Handler                              0x0800023b   Thumb Code     2  startup_stm32f767xx.o(.text)
    DebugMon_Handler                         0x0800023d   Thumb Code     2  startup_stm32f767xx.o(.text)
    PendSV_Handler                           0x0800023f   Thumb Code     2  startup_stm32f767xx.o(.text)
    SysTick_Handler                          0x08000241   Thumb Code     2  startup_stm32f767xx.o(.text)
    ADC_IRQHandler                           0x08000243   Thumb Code     0  startup_stm32f767xx.o(.text)
    CAN1_RX0_IRQHandler                      0x08000243   Thumb Code     0  startup_stm32f767xx.o(.text)
    CAN1_RX1_IRQHandler                      0x08000243   Thumb Code     0  startup_stm32f767xx.o(.text)
    CAN1_SCE_IRQHandler                      0x08000243   Thumb Code     0  startup_stm32f767xx.o(.text)
    CAN1_TX_IRQHandler                       0x08000243   Thumb Code     0  startup_stm32f767xx.o(.text)
    CAN2_RX0_IRQHandler                      0x08000243   Thumb Code     0  startup_stm32f767xx.o(.text)
    CAN2_RX1_IRQHandler                      0x08000243   Thumb Code     0  startup_stm32f767xx.o(.text)
    CAN2_SCE_IRQHandler                      0x08000243   Thumb Code     0  startup_stm32f767xx.o(.text)
    CAN2_TX_IRQHandler                       0x08000243   Thumb Code     0  startup_stm32f767xx.o(.text)
    CAN3_RX0_IRQHandler                      0x08000243   Thumb Code     0  startup_stm32f767xx.o(.text)
    CAN3_RX1_IRQHandler                      0x08000243   Thumb Code     0  startup_stm32f767xx.o(.text)
    CAN3_SCE_IRQHandler                      0x08000243   Thumb Code     0  startup_stm32f767xx.o(.text)
    CAN3_TX_IRQHandler                       0x08000243   Thumb Code     0  startup_stm32f767xx.o(.text)
    CEC_IRQHandler                           0x08000243   Thumb Code     0  startup_stm32f767xx.o(.text)
    DCMI_IRQHandler                          0x08000243   Thumb Code     0  startup_stm32f767xx.o(.text)
    DFSDM1_FLT0_IRQHandler                   0x08000243   Thumb Code     0  startup_stm32f767xx.o(.text)
    DFSDM1_FLT1_IRQHandler                   0x08000243   Thumb Code     0  startup_stm32f767xx.o(.text)
    DFSDM1_FLT2_IRQHandler                   0x08000243   Thumb Code     0  startup_stm32f767xx.o(.text)
    DFSDM1_FLT3_IRQHandler                   0x08000243   Thumb Code     0  startup_stm32f767xx.o(.text)
    DMA1_Stream0_IRQHandler                  0x08000243   Thumb Code     0  startup_stm32f767xx.o(.text)
    DMA1_Stream1_IRQHandler                  0x08000243   Thumb Code     0  startup_stm32f767xx.o(.text)
    DMA1_Stream2_IRQHandler                  0x08000243   Thumb Code     0  startup_stm32f767xx.o(.text)
    DMA1_Stream3_IRQHandler                  0x08000243   Thumb Code     0  startup_stm32f767xx.o(.text)
    DMA1_Stream4_IRQHandler                  0x08000243   Thumb Code     0  startup_stm32f767xx.o(.text)
    DMA1_Stream5_IRQHandler                  0x08000243   Thumb Code     0  startup_stm32f767xx.o(.text)
    DMA1_Stream6_IRQHandler                  0x08000243   Thumb Code     0  startup_stm32f767xx.o(.text)
    DMA1_Stream7_IRQHandler                  0x08000243   Thumb Code     0  startup_stm32f767xx.o(.text)
    DMA2D_IRQHandler                         0x08000243   Thumb Code     0  startup_stm32f767xx.o(.text)
    DMA2_Stream0_IRQHandler                  0x08000243   Thumb Code     0  startup_stm32f767xx.o(.text)
    DMA2_Stream1_IRQHandler                  0x08000243   Thumb Code     0  startup_stm32f767xx.o(.text)
    DMA2_Stream2_IRQHandler                  0x08000243   Thumb Code     0  startup_stm32f767xx.o(.text)
    DMA2_Stream3_IRQHandler                  0x08000243   Thumb Code     0  startup_stm32f767xx.o(.text)
    DMA2_Stream4_IRQHandler                  0x08000243   Thumb Code     0  startup_stm32f767xx.o(.text)
    DMA2_Stream5_IRQHandler                  0x08000243   Thumb Code     0  startup_stm32f767xx.o(.text)
    DMA2_Stream6_IRQHandler                  0x08000243   Thumb Code     0  startup_stm32f767xx.o(.text)
    DMA2_Stream7_IRQHandler                  0x08000243   Thumb Code     0  startup_stm32f767xx.o(.text)
    ETH_IRQHandler                           0x08000243   Thumb Code     0  startup_stm32f767xx.o(.text)
    ETH_WKUP_IRQHandler                      0x08000243   Thumb Code     0  startup_stm32f767xx.o(.text)
    EXTI0_IRQHandler                         0x08000243   Thumb Code     0  startup_stm32f767xx.o(.text)
    EXTI15_10_IRQHandler                     0x08000243   Thumb Code     0  startup_stm32f767xx.o(.text)
    EXTI1_IRQHandler                         0x08000243   Thumb Code     0  startup_stm32f767xx.o(.text)
    EXTI2_IRQHandler                         0x08000243   Thumb Code     0  startup_stm32f767xx.o(.text)
    EXTI3_IRQHandler                         0x08000243   Thumb Code     0  startup_stm32f767xx.o(.text)
    EXTI4_IRQHandler                         0x08000243   Thumb Code     0  startup_stm32f767xx.o(.text)
    EXTI9_5_IRQHandler                       0x08000243   Thumb Code     0  startup_stm32f767xx.o(.text)
    FLASH_IRQHandler                         0x08000243   Thumb Code     0  startup_stm32f767xx.o(.text)
    FMC_IRQHandler                           0x08000243   Thumb Code     0  startup_stm32f767xx.o(.text)
    FPU_IRQHandler                           0x08000243   Thumb Code     0  startup_stm32f767xx.o(.text)
    I2C1_ER_IRQHandler                       0x08000243   Thumb Code     0  startup_stm32f767xx.o(.text)
    I2C1_EV_IRQHandler                       0x08000243   Thumb Code     0  startup_stm32f767xx.o(.text)
    I2C2_ER_IRQHandler                       0x08000243   Thumb Code     0  startup_stm32f767xx.o(.text)
    I2C2_EV_IRQHandler                       0x08000243   Thumb Code     0  startup_stm32f767xx.o(.text)
    I2C3_ER_IRQHandler                       0x08000243   Thumb Code     0  startup_stm32f767xx.o(.text)
    I2C3_EV_IRQHandler                       0x08000243   Thumb Code     0  startup_stm32f767xx.o(.text)
    I2C4_ER_IRQHandler                       0x08000243   Thumb Code     0  startup_stm32f767xx.o(.text)
    I2C4_EV_IRQHandler                       0x08000243   Thumb Code     0  startup_stm32f767xx.o(.text)
    JPEG_IRQHandler                          0x08000243   Thumb Code     0  startup_stm32f767xx.o(.text)
    LPTIM1_IRQHandler                        0x08000243   Thumb Code     0  startup_stm32f767xx.o(.text)
    LTDC_ER_IRQHandler                       0x08000243   Thumb Code     0  startup_stm32f767xx.o(.text)
    LTDC_IRQHandler                          0x08000243   Thumb Code     0  startup_stm32f767xx.o(.text)
    MDIOS_IRQHandler                         0x08000243   Thumb Code     0  startup_stm32f767xx.o(.text)
    OTG_FS_IRQHandler                        0x08000243   Thumb Code     0  startup_stm32f767xx.o(.text)
    OTG_FS_WKUP_IRQHandler                   0x08000243   Thumb Code     0  startup_stm32f767xx.o(.text)
    OTG_HS_EP1_IN_IRQHandler                 0x08000243   Thumb Code     0  startup_stm32f767xx.o(.text)
    OTG_HS_EP1_OUT_IRQHandler                0x08000243   Thumb Code     0  startup_stm32f767xx.o(.text)
    OTG_HS_IRQHandler                        0x08000243   Thumb Code     0  startup_stm32f767xx.o(.text)
    OTG_HS_WKUP_IRQHandler                   0x08000243   Thumb Code     0  startup_stm32f767xx.o(.text)
    PVD_IRQHandler                           0x08000243   Thumb Code     0  startup_stm32f767xx.o(.text)
    QUADSPI_IRQHandler                       0x08000243   Thumb Code     0  startup_stm32f767xx.o(.text)
    RCC_IRQHandler                           0x08000243   Thumb Code     0  startup_stm32f767xx.o(.text)
    RNG_IRQHandler                           0x08000243   Thumb Code     0  startup_stm32f767xx.o(.text)
    RTC_Alarm_IRQHandler                     0x08000243   Thumb Code     0  startup_stm32f767xx.o(.text)
    RTC_WKUP_IRQHandler                      0x08000243   Thumb Code     0  startup_stm32f767xx.o(.text)
    SAI1_IRQHandler                          0x08000243   Thumb Code     0  startup_stm32f767xx.o(.text)
    SAI2_IRQHandler                          0x08000243   Thumb Code     0  startup_stm32f767xx.o(.text)
    SDMMC1_IRQHandler                        0x08000243   Thumb Code     0  startup_stm32f767xx.o(.text)
    SDMMC2_IRQHandler                        0x08000243   Thumb Code     0  startup_stm32f767xx.o(.text)
    SPDIF_RX_IRQHandler                      0x08000243   Thumb Code     0  startup_stm32f767xx.o(.text)
    SPI1_IRQHandler                          0x08000243   Thumb Code     0  startup_stm32f767xx.o(.text)
    SPI2_IRQHandler                          0x08000243   Thumb Code     0  startup_stm32f767xx.o(.text)
    SPI3_IRQHandler                          0x08000243   Thumb Code     0  startup_stm32f767xx.o(.text)
    SPI4_IRQHandler                          0x08000243   Thumb Code     0  startup_stm32f767xx.o(.text)
    SPI5_IRQHandler                          0x08000243   Thumb Code     0  startup_stm32f767xx.o(.text)
    SPI6_IRQHandler                          0x08000243   Thumb Code     0  startup_stm32f767xx.o(.text)
    TAMP_STAMP_IRQHandler                    0x08000243   Thumb Code     0  startup_stm32f767xx.o(.text)
    TIM1_BRK_TIM9_IRQHandler                 0x08000243   Thumb Code     0  startup_stm32f767xx.o(.text)
    TIM1_CC_IRQHandler                       0x08000243   Thumb Code     0  startup_stm32f767xx.o(.text)
    TIM1_TRG_COM_TIM11_IRQHandler            0x08000243   Thumb Code     0  startup_stm32f767xx.o(.text)
    TIM1_UP_TIM10_IRQHandler                 0x08000243   Thumb Code     0  startup_stm32f767xx.o(.text)
    TIM2_IRQHandler                          0x08000243   Thumb Code     0  startup_stm32f767xx.o(.text)
    TIM3_IRQHandler                          0x08000243   Thumb Code     0  startup_stm32f767xx.o(.text)
    TIM5_IRQHandler                          0x08000243   Thumb Code     0  startup_stm32f767xx.o(.text)
    TIM6_DAC_IRQHandler                      0x08000243   Thumb Code     0  startup_stm32f767xx.o(.text)
    TIM7_IRQHandler                          0x08000243   Thumb Code     0  startup_stm32f767xx.o(.text)
    TIM8_BRK_TIM12_IRQHandler                0x08000243   Thumb Code     0  startup_stm32f767xx.o(.text)
    TIM8_CC_IRQHandler                       0x08000243   Thumb Code     0  startup_stm32f767xx.o(.text)
    TIM8_TRG_COM_TIM14_IRQHandler            0x08000243   Thumb Code     0  startup_stm32f767xx.o(.text)
    UART4_IRQHandler                         0x08000243   Thumb Code     0  startup_stm32f767xx.o(.text)
    UART5_IRQHandler                         0x08000243   Thumb Code     0  startup_stm32f767xx.o(.text)
    UART7_IRQHandler                         0x08000243   Thumb Code     0  startup_stm32f767xx.o(.text)
    UART8_IRQHandler                         0x08000243   Thumb Code     0  startup_stm32f767xx.o(.text)
    USART2_IRQHandler                        0x08000243   Thumb Code     0  startup_stm32f767xx.o(.text)
    USART3_IRQHandler                        0x08000243   Thumb Code     0  startup_stm32f767xx.o(.text)
    USART6_IRQHandler                        0x08000243   Thumb Code     0  startup_stm32f767xx.o(.text)
    WWDG_IRQHandler                          0x08000243   Thumb Code     0  startup_stm32f767xx.o(.text)
    __aeabi_uldivmod                         0x08000251   Thumb Code    98  uldiv.o(.text)
    __scatterload                            0x080002b5   Thumb Code    28  init.o(.text)
    __scatterload_rt2                        0x080002b5   Thumb Code     0  init.o(.text)
    __aeabi_llsl                             0x080002d9   Thumb Code    30  llshl.o(.text)
    _ll_shift_l                              0x080002d9   Thumb Code     0  llshl.o(.text)
    __aeabi_llsr                             0x080002f7   Thumb Code    32  llushr.o(.text)
    _ll_ushift_r                             0x080002f7   Thumb Code     0  llushr.o(.text)
    __decompress                             0x08000317   Thumb Code     0  __dczerorl2.o(.text)
    __decompress1                            0x08000317   Thumb Code    86  __dczerorl2.o(.text)
    Cache_Enable                             0x0800036d   Thumb Code   112  sys.o(i.Cache_Enable)
    Driver_Init                              0x080003e5   Thumb Code    82  driver.o(i.Driver_Init)
    GPIO_AF_Set                              0x08000445   Thumb Code    64  sys.o(i.GPIO_AF_Set)
    GPIO_Pin_Get                             0x08000485   Thumb Code    16  sys.o(i.GPIO_Pin_Get)
    GPIO_Pin_Set                             0x08000495   Thumb Code    16  sys.o(i.GPIO_Pin_Set)
    GPIO_Read                                0x080004a5   Thumb Code    12  sys.o(i.GPIO_Read)
    GPIO_Set                                 0x080004b1   Thumb Code   222  sys.o(i.GPIO_Set)
    KEY_Init                                 0x08000591   Thumb Code    96  key.o(i.KEY_Init)
    KEY_Scan                                 0x08000601   Thumb Code   192  key.o(i.KEY_Scan)
    LED_Init                                 0x080006d1   Thumb Code    54  led.o(i.LED_Init)
    Locate_Abs                               0x08000711   Thumb Code   182  driver.o(i.Locate_Abs)
    Locate_Rle                               0x0800082d   Thumb Code   152  driver.o(i.Locate_Rle)
    MY_NVIC_Init                             0x08000955   Thumb Code   116  sys.o(i.MY_NVIC_Init)
    MY_NVIC_PriorityGroupConfig              0x080009cd   Thumb Code    32  sys.o(i.MY_NVIC_PriorityGroupConfig)
    MY_NVIC_SetVectorTable                   0x080009f5   Thumb Code    12  sys.o(i.MY_NVIC_SetVectorTable)
    Stm32_Clock_Init                         0x08000aa1   Thumb Code   100  sys.o(i.Stm32_Clock_Init)
    Sys_Clock_Set                            0x08000b11   Thumb Code   264  sys.o(i.Sys_Clock_Set)
    TIM4_IRQHandler                          0x08000c25   Thumb Code    50  usmart.o(i.TIM4_IRQHandler)
    TIM8_OPM_RCR_Init                        0x08000c61   Thumb Code   222  driver.o(i.TIM8_OPM_RCR_Init)
    TIM8_Startup                             0x08000d4d   Thumb Code    50  driver.o(i.TIM8_Startup)
    TIM8_UP_TIM13_IRQHandler                 0x08000d89   Thumb Code   242  driver.o(i.TIM8_UP_TIM13_IRQHandler)
    Timer4_Init                              0x08000ea5   Thumb Code    72  usmart.o(i.Timer4_Init)
    USART1_IRQHandler                        0x08000ef5   Thumb Code   116  usart.o(i.USART1_IRQHandler)
    __0printf$8                              0x08000f75   Thumb Code    22  printf8.o(i.__0printf$8)
    __1printf$8                              0x08000f75   Thumb Code     0  printf8.o(i.__0printf$8)
    __2printf                                0x08000f75   Thumb Code     0  printf8.o(i.__0printf$8)
    __scatterload_copy                       0x08000f95   Thumb Code    14  handlers.o(i.__scatterload_copy)
    __scatterload_null                       0x08000fa3   Thumb Code     2  handlers.o(i.__scatterload_null)
    __scatterload_zeroinit                   0x08000fa5   Thumb Code    14  handlers.o(i.__scatterload_zeroinit)
    delay_init                               0x08001419   Thumb Code    46  delay.o(i.delay_init)
    delay_ms                                 0x08001451   Thumb Code    56  delay.o(i.delay_ms)
    delay_us                                 0x08001489   Thumb Code    56  delay.o(i.delay_us)
    delay_xms                                0x080014c5   Thumb Code    56  delay.o(i.delay_xms)
    fputc                                    0x08001501   Thumb Code    22  usart.o(i.fputc)
    main                                     0x0800151d   Thumb Code   190  test.o(i.main)
    read_addr                                0x08001611   Thumb Code     6  usmart.o(i.read_addr)
    uart_init                                0x08001619   Thumb Code   172  usart.o(i.uart_init)
    usmart_cmd_rec                           0x080016d5   Thumb Code   170  usmart.o(i.usmart_cmd_rec)
    usmart_exe                               0x08001785   Thumb Code   632  usmart.o(i.usmart_exe)
    usmart_get_aparm                         0x08001a59   Thumb Code   212  usmart_str.o(i.usmart_get_aparm)
    usmart_get_cmdname                       0x08001b2d   Thumb Code    54  usmart_str.o(i.usmart_get_cmdname)
    usmart_get_fname                         0x08001b65   Thumb Code   440  usmart_str.o(i.usmart_get_fname)
    usmart_get_fparam                        0x08001d25   Thumb Code   262  usmart_str.o(i.usmart_get_fparam)
    usmart_get_parmpos                       0x08001e31   Thumb Code    26  usmart_str.o(i.usmart_get_parmpos)
    usmart_get_runtime                       0x08001e51   Thumb Code    56  usmart.o(i.usmart_get_runtime)
    usmart_init                              0x08001e91   Thumb Code    36  usmart.o(i.usmart_init)
    usmart_pow                               0x08001eb9   Thumb Code    22  usmart_str.o(i.usmart_pow)
    usmart_reset_runtime                     0x08001ed1   Thumb Code    38  usmart.o(i.usmart_reset_runtime)
    usmart_scan                              0x08001f01   Thumb Code   120  usmart.o(i.usmart_scan)
    usmart_search_nextc                      0x08001fbd   Thumb Code    22  usmart_str.o(i.usmart_search_nextc)
    usmart_str2num                           0x08001fd3   Thumb Code   262  usmart_str.o(i.usmart_str2num)
    usmart_strcmp                            0x080020d9   Thumb Code    34  usmart_str.o(i.usmart_strcmp)
    usmart_strcopy                           0x080020fb   Thumb Code    22  usmart_str.o(i.usmart_strcopy)
    usmart_strlen                            0x08002111   Thumb Code    24  usmart_str.o(i.usmart_strlen)
    usmart_sys_cmd_exe                       0x08002129   Thumb Code  1570  usmart.o(i.usmart_sys_cmd_exe)
    write_addr                               0x0800281d   Thumb Code     4  usmart.o(i.write_addr)
    Region$$Table$$Base                      0x0800295c   Number         0  anon$$obj.o(Region$$Table)
    Region$$Table$$Limit                     0x0800297c   Number         0  anon$$obj.o(Region$$Table)
    __stdout                                 0x20020004   Data           4  usart.o(.data)
    USART_RX_STA                             0x20020008   Data           2  usart.o(.data)
    rcr_remainder                            0x2002000c   Data           1  driver.o(.data)
    is_rcr_finish                            0x2002000d   Data           1  driver.o(.data)
    rcr_integer                              0x20020010   Data           4  driver.o(.data)
    target_pos                               0x20020014   Data           4  driver.o(.data)
    current_pos                              0x20020018   Data           4  driver.o(.data)
    motor_dir                                0x2002001c   Data           1  driver.o(.data)
    sys_cmd_tab                              0x20020020   Data          28  usmart.o(.data)
    usmart_nametab                           0x2002003c   Data          48  usmart_config.o(.data)
    usmart_dev                               0x2002006c   Data         244  usmart_config.o(.data)
    USART_RX_BUF                             0x20020160   Data         200  usart.o(.bss)
    __initial_sp                             0x20020a28   Data           0  startup_stm32f767xx.o(STACK)



==============================================================================

Memory Map of the image

  Image Entry point : 0x080001f9

  Load Region LR_IROM1 (Base: 0x08000000, Size: 0x00002adc, Max: 0x00100000, ABSOLUTE, COMPRESSED[0x000029dc])

    Execution Region ER_IROM1 (Exec base: 0x08000000, Load base: 0x08000000, Size: 0x0000297c, Max: 0x00100000, ABSOLUTE)

    Exec Addr    Load Addr    Size         Type   Attr      Idx    E Section Name        Object

    0x08000000   0x08000000   0x000001f8   Data   RO            3    RESET               startup_stm32f767xx.o
    0x080001f8   0x080001f8   0x00000000   Code   RO          680  * .ARM.Collect$$$$00000000  mc_w.l(entry.o)
    0x080001f8   0x080001f8   0x00000004   Code   RO          944    .ARM.Collect$$$$00000001  mc_w.l(entry2.o)
    0x080001fc   0x080001fc   0x00000004   Code   RO          947    .ARM.Collect$$$$00000004  mc_w.l(entry5.o)
    0x08000200   0x08000200   0x00000000   Code   RO          949    .ARM.Collect$$$$00000008  mc_w.l(entry7b.o)
    0x08000200   0x08000200   0x00000000   Code   RO          951    .ARM.Collect$$$$0000000A  mc_w.l(entry8b.o)
    0x08000200   0x08000200   0x00000008   Code   RO          952    .ARM.Collect$$$$0000000B  mc_w.l(entry9a.o)
    0x08000208   0x08000208   0x00000000   Code   RO          954    .ARM.Collect$$$$0000000D  mc_w.l(entry10a.o)
    0x08000208   0x08000208   0x00000000   Code   RO          956    .ARM.Collect$$$$0000000F  mc_w.l(entry11a.o)
    0x08000208   0x08000208   0x00000004   Code   RO          945    .ARM.Collect$$$$00002712  mc_w.l(entry2.o)
    0x0800020c   0x0800020c   0x00000044   Code   RO            4    .text               startup_stm32f767xx.o
    0x08000250   0x08000250   0x00000062   Code   RO          960    .text               mc_w.l(uldiv.o)
    0x080002b2   0x080002b2   0x00000002   PAD
    0x080002b4   0x080002b4   0x00000024   Code   RO          973    .text               mc_w.l(init.o)
    0x080002d8   0x080002d8   0x0000001e   Code   RO          975    .text               mc_w.l(llshl.o)
    0x080002f6   0x080002f6   0x00000020   Code   RO          977    .text               mc_w.l(llushr.o)
    0x08000316   0x08000316   0x00000056   Code   RO          991    .text               mc_w.l(__dczerorl2.o)
    0x0800036c   0x0800036c   0x00000078   Code   RO          146    i.Cache_Enable      sys.o
    0x080003e4   0x080003e4   0x00000060   Code   RO          407    i.Driver_Init       driver.o
    0x08000444   0x08000444   0x00000040   Code   RO          148    i.GPIO_AF_Set       sys.o
    0x08000484   0x08000484   0x00000010   Code   RO          149    i.GPIO_Pin_Get      sys.o
    0x08000494   0x08000494   0x00000010   Code   RO          150    i.GPIO_Pin_Set      sys.o
    0x080004a4   0x080004a4   0x0000000c   Code   RO          151    i.GPIO_Read         sys.o
    0x080004b0   0x080004b0   0x000000de   Code   RO          152    i.GPIO_Set          sys.o
    0x0800058e   0x0800058e   0x00000002   PAD
    0x08000590   0x08000590   0x00000070   Code   RO          376    i.KEY_Init          key.o
    0x08000600   0x08000600   0x000000d0   Code   RO          377    i.KEY_Scan          key.o
    0x080006d0   0x080006d0   0x00000040   Code   RO          352    i.LED_Init          led.o
    0x08000710   0x08000710   0x0000011c   Code   RO          408    i.Locate_Abs        driver.o
    0x0800082c   0x0800082c   0x00000128   Code   RO          409    i.Locate_Rle        driver.o
    0x08000954   0x08000954   0x00000078   Code   RO          155    i.MY_NVIC_Init      sys.o
    0x080009cc   0x080009cc   0x00000028   Code   RO          156    i.MY_NVIC_PriorityGroupConfig  sys.o
    0x080009f4   0x080009f4   0x00000010   Code   RO          157    i.MY_NVIC_SetVectorTable  sys.o
    0x08000a04   0x08000a04   0x0000009c   Code   RO          158    i.SCB_EnableDCache  sys.o
    0x08000aa0   0x08000aa0   0x00000070   Code   RO          159    i.Stm32_Clock_Init  sys.o
    0x08000b10   0x08000b10   0x00000114   Code   RO          160    i.Sys_Clock_Set     sys.o
    0x08000c24   0x08000c24   0x0000003c   Code   RO          486    i.TIM4_IRQHandler   usmart.o
    0x08000c60   0x08000c60   0x000000ec   Code   RO          410    i.TIM8_OPM_RCR_Init  driver.o
    0x08000d4c   0x08000d4c   0x0000003c   Code   RO          411    i.TIM8_Startup      driver.o
    0x08000d88   0x08000d88   0x0000011c   Code   RO          412    i.TIM8_UP_TIM13_IRQHandler  driver.o
    0x08000ea4   0x08000ea4   0x00000050   Code   RO          487    i.Timer4_Init       usmart.o
    0x08000ef4   0x08000ef4   0x00000080   Code   RO          293    i.USART1_IRQHandler  usart.o
    0x08000f74   0x08000f74   0x00000020   Code   RO          890    i.__0printf$8       mc_w.l(printf8.o)
    0x08000f94   0x08000f94   0x0000000e   Code   RO          985    i.__scatterload_copy  mc_w.l(handlers.o)
    0x08000fa2   0x08000fa2   0x00000002   Code   RO          986    i.__scatterload_null  mc_w.l(handlers.o)
    0x08000fa4   0x08000fa4   0x0000000e   Code   RO          987    i.__scatterload_zeroinit  mc_w.l(handlers.o)
    0x08000fb2   0x08000fb2   0x00000002   PAD
    0x08000fb4   0x08000fb4   0x00000410   Code   RO          897    i._printf_core      mc_w.l(printf8.o)
    0x080013c4   0x080013c4   0x00000024   Code   RO          898    i._printf_post_padding  mc_w.l(printf8.o)
    0x080013e8   0x080013e8   0x0000002e   Code   RO          899    i._printf_pre_padding  mc_w.l(printf8.o)
    0x08001416   0x08001416   0x00000002   PAD
    0x08001418   0x08001418   0x00000038   Code   RO          101    i.delay_init        delay.o
    0x08001450   0x08001450   0x00000038   Code   RO          102    i.delay_ms          delay.o
    0x08001488   0x08001488   0x0000003c   Code   RO          103    i.delay_us          delay.o
    0x080014c4   0x080014c4   0x0000003c   Code   RO          104    i.delay_xms         delay.o
    0x08001500   0x08001500   0x0000001c   Code   RO          296    i.fputc             usart.o
    0x0800151c   0x0800151c   0x000000f4   Code   RO           13    i.main              test.o
    0x08001610   0x08001610   0x00000006   Code   RO          488    i.read_addr         usmart.o
    0x08001616   0x08001616   0x00000002   PAD
    0x08001618   0x08001618   0x000000bc   Code   RO          297    i.uart_init         usart.o
    0x080016d4   0x080016d4   0x000000b0   Code   RO          489    i.usmart_cmd_rec    usmart.o
    0x08001784   0x08001784   0x000002d4   Code   RO          490    i.usmart_exe        usmart.o
    0x08001a58   0x08001a58   0x000000d4   Code   RO          599    i.usmart_get_aparm  usmart_str.o
    0x08001b2c   0x08001b2c   0x00000036   Code   RO          600    i.usmart_get_cmdname  usmart_str.o
    0x08001b62   0x08001b62   0x00000002   PAD
    0x08001b64   0x08001b64   0x000001c0   Code   RO          601    i.usmart_get_fname  usmart_str.o
    0x08001d24   0x08001d24   0x0000010c   Code   RO          602    i.usmart_get_fparam  usmart_str.o
    0x08001e30   0x08001e30   0x00000020   Code   RO          603    i.usmart_get_parmpos  usmart_str.o
    0x08001e50   0x08001e50   0x00000040   Code   RO          491    i.usmart_get_runtime  usmart.o
    0x08001e90   0x08001e90   0x00000028   Code   RO          492    i.usmart_init       usmart.o
    0x08001eb8   0x08001eb8   0x00000016   Code   RO          604    i.usmart_pow        usmart_str.o
    0x08001ece   0x08001ece   0x00000002   PAD
    0x08001ed0   0x08001ed0   0x00000030   Code   RO          493    i.usmart_reset_runtime  usmart.o
    0x08001f00   0x08001f00   0x000000bc   Code   RO          494    i.usmart_scan       usmart.o
    0x08001fbc   0x08001fbc   0x00000016   Code   RO          605    i.usmart_search_nextc  usmart_str.o
    0x08001fd2   0x08001fd2   0x00000106   Code   RO          606    i.usmart_str2num    usmart_str.o
    0x080020d8   0x080020d8   0x00000022   Code   RO          607    i.usmart_strcmp     usmart_str.o
    0x080020fa   0x080020fa   0x00000016   Code   RO          608    i.usmart_strcopy    usmart_str.o
    0x08002110   0x08002110   0x00000018   Code   RO          609    i.usmart_strlen     usmart_str.o
    0x08002128   0x08002128   0x000006f4   Code   RO          495    i.usmart_sys_cmd_exe  usmart.o
    0x0800281c   0x0800281c   0x00000004   Code   RO          496    i.write_addr        usmart.o
    0x08002820   0x08002820   0x00000048   Data   RO          413    .conststring        driver.o
    0x08002868   0x08002868   0x00000028   Data   RO          497    .conststring        usmart.o
    0x08002890   0x08002890   0x000000cc   Data   RO          574    .conststring        usmart_config.o
    0x0800295c   0x0800295c   0x00000020   Data   RO          983    Region$$Table       anon$$obj.o


    Execution Region RW_IRAM1 (Exec base: 0x20020000, Load base: 0x0800297c, Size: 0x00000a28, Max: 0x00060000, ABSOLUTE, COMPRESSED[0x00000060])

    Exec Addr    Load Addr    Size         Type   Attr      Idx    E Section Name        Object

    0x20020000   COMPRESSED   0x00000004   Data   RW          105    .data               delay.o
    0x20020004   COMPRESSED   0x00000006   Data   RW          299    .data               usart.o
    0x2002000a   COMPRESSED   0x00000001   Data   RW          378    .data               key.o
    0x2002000b   COMPRESSED   0x00000001   PAD
    0x2002000c   COMPRESSED   0x00000011   Data   RW          414    .data               driver.o
    0x2002001d   COMPRESSED   0x00000003   PAD
    0x20020020   COMPRESSED   0x0000001c   Data   RW          498    .data               usmart.o
    0x2002003c   COMPRESSED   0x00000124   Data   RW          575    .data               usmart_config.o
    0x20020160        -       0x000000c8   Zero   RW          298    .bss                usart.o
    0x20020228        -       0x00000800   Zero   RW            1    STACK               startup_stm32f767xx.o


==============================================================================

Image component sizes


      Code (inc. data)   RO Data    RW Data    ZI Data      Debug   Object Name

       232         18          0          4          0       3151   delay.o
      1256        326         72         17          0       4961   driver.o
       320         32          0          1          0       1486   key.o
        64         10          0          0          0        627   led.o
        68         12        504          0       2048        948   startup_stm32f767xx.o
      1170         56          0          0          0      41242   sys.o
       244         54          0          0          0     666079   test.o
       344         34          0          6        200       4324   usart.o
      3170       1350         40         28          0       9606   usmart.o
         0          0        204        292          0       1956   usmart_config.o
      1400         20          0          0          0      10657   usmart_str.o

    ----------------------------------------------------------------------
      8276       1912        852        352       2248     745037   Object Totals
         0          0         32          0          0          0   (incl. Generated)
         8          0          0          4          0          0   (incl. Padding)

    ----------------------------------------------------------------------

      Code (inc. data)   RO Data    RW Data    ZI Data      Debug   Library Member Name

        86          0          0          0          0          0   __dczerorl2.o
         0          0          0          0          0          0   entry.o
         0          0          0          0          0          0   entry10a.o
         0          0          0          0          0          0   entry11a.o
         8          4          0          0          0          0   entry2.o
         4          0          0          0          0          0   entry5.o
         0          0          0          0          0          0   entry7b.o
         0          0          0          0          0          0   entry8b.o
         8          4          0          0          0          0   entry9a.o
        30          0          0          0          0          0   handlers.o
        36          8          0          0          0         68   init.o
        30          0          0          0          0         68   llshl.o
        32          0          0          0          0         68   llushr.o
      1154         54          0          0          0        352   printf8.o
        98          0          0          0          0         92   uldiv.o

    ----------------------------------------------------------------------
      1492         70          0          0          0        648   Library Totals
         6          0          0          0          0          0   (incl. Padding)

    ----------------------------------------------------------------------

      Code (inc. data)   RO Data    RW Data    ZI Data      Debug   Library Name

      1486         70          0          0          0        648   mc_w.l

    ----------------------------------------------------------------------
      1492         70          0          0          0        648   Library Totals

    ----------------------------------------------------------------------

==============================================================================


      Code (inc. data)   RO Data    RW Data    ZI Data      Debug   

      9768       1982        852        352       2248     741009   Grand Totals
      9768       1982        852         96       2248     741009   ELF Image Totals (compressed)
      9768       1982        852         96          0          0   ROM Totals

==============================================================================

    Total RO  Size (Code + RO Data)                10620 (  10.37kB)
    Total RW  Size (RW Data + ZI Data)              2600 (   2.54kB)
    Total ROM Size (Code + RO Data + RW Data)      10716 (  10.46kB)

==============================================================================

